// Jest Snapshot v1, https://goo.gl/fbAQLP

exports[`DescriptivePodcastCard renders 1`] = `
<div
  className="descriptive-podcast-card"
>
  <img
    alt="No Jumper"
    className="pointer"
    onClick={[Function]}
    src="https://is3-ssl.mzstatic.com/image/thumb/Podcasts123/v4/00/60/81/00608191-a7b6-b28d-ba08-9c2b1cbd350d/mza_8977898790878036312.jpg/600x600bb.jpg"
  />
  <div
    className="title pointer"
    onClick={[Function]}
  >
    No Jumper
  </div>
  <div
    className="italic pointer"
    onClick={[Function]}
  >
    by No Jumper
  </div>
  <div
    className="title"
  >
    Description:
  </div>
  <p
    className="italic"
  >
    No Jumper
  </p>
</div>
`;

exports[`Headers renders 1`] = `
<div
  className="header"
>
  <span
    className="bold-blue pointer"
    onClick={[Function]}
  >
    Podcaster
  </span>
  <div>
    <svg
      height="40px"
      width="40px"
    >
      <path
        d="M20.201,5.169c-8.254,0-14.946,6.692-14.946,14.946c0,8.255,6.692,14.946,14.946,14.946
s14.946-6.691,14.946-14.946C35.146,11.861,28.455,5.169,20.201,5.169z M20.201,31.749c-6.425,0-11.634-5.208-11.634-11.634
c0-6.425,5.209-11.634,11.634-11.634c6.425,0,11.633,5.209,11.633,11.634C31.834,26.541,26.626,31.749,20.201,31.749z"
        fill="#000"
        opacity="0.2"
      />
      <path
        d="M26.013,10.047l1.654-2.866c-2.198-1.272-4.743-2.012-7.466-2.012h0v3.312h0
C22.32,8.481,24.301,9.057,26.013,10.047z"
        fill="#000"
      >
        <animateTransform
          attributeName="transform"
          attributeType="xml"
          dur="0.5s"
          from="0 20 20"
          repeatCount="indefinite"
          to="360 20 20"
          type="rotate"
        />
      </path>
    </svg>
  </div>
</div>
`;

exports[`PodcastCard renders 1`] = `
<div
  className="podcast-card"
  onClick={[Function]}
>
  <img
    alt="Every Single Album"
    src="https://is3-ssl.mzstatic.com/image/thumb/Podcasts126/v4/bd/8c/0e/bd8c0e25-c1d6-70cc-4e55-b8ee71d9f785/mza_12891456424778571810.jpg/170x170bb.png"
  />
  <div
    className="padding-m"
  >
    <div
      className="title"
    >
      Every Single Album
    </div>
    <div
      className="author"
    >
      Author: The Ringer
    </div>
  </div>
</div>
`;

exports[`PodcastTopList renders 1`] = `
<div
  className="four-columns"
>
  <div
    className="podcast-cell"
  >
    <div
      className="podcast-card"
      onClick={[Function]}
    >
      <img
        alt="Every Single Album"
        src="https://is3-ssl.mzstatic.com/image/thumb/Podcasts126/v4/bd/8c/0e/bd8c0e25-c1d6-70cc-4e55-b8ee71d9f785/mza_12891456424778571810.jpg/170x170bb.png"
      />
      <div
        className="padding-m"
      >
        <div
          className="title"
        >
          Every Single Album
        </div>
        <div
          className="author"
        >
          Author: The Ringer
        </div>
      </div>
    </div>
  </div>
  <div
    className="podcast-cell"
  >
    <div
      className="podcast-card"
      onClick={[Function]}
    >
      <img
        alt="No Jumper"
        src="https://is4-ssl.mzstatic.com/image/thumb/Podcasts123/v4/00/60/81/00608191-a7b6-b28d-ba08-9c2b1cbd350d/mza_8977898790878036312.jpg/170x170bb.png"
      />
      <div
        className="padding-m"
      >
        <div
          className="title"
        >
          No Jumper
        </div>
        <div
          className="author"
        >
          Author: No Jumper
        </div>
      </div>
    </div>
  </div>
  <div
    className="podcast-cell"
  >
    <div
      className="podcast-card"
      onClick={[Function]}
    >
      <img
        alt="Song Exploder"
        src="https://is3-ssl.mzstatic.com/image/thumb/Podcasts125/v4/32/95/23/329523c9-6f91-5e7b-a33b-698f3cd83f1f/mza_7961570172365429932.png/170x170bb.png"
      />
      <div
        className="padding-m"
      >
        <div
          className="title"
        >
          Song Exploder
        </div>
        <div
          className="author"
        >
          Author: Hrishikesh Hirway
        </div>
      </div>
    </div>
  </div>
  <div
    className="podcast-cell"
  >
    <div
      className="podcast-card"
      onClick={[Function]}
    >
      <img
        alt="Dolly Parton's America"
        src="https://is2-ssl.mzstatic.com/image/thumb/Podcasts115/v4/58/b8/16/58b8165d-d674-16cd-3822-36d8acad0151/mza_5834995761907664558.jpg/170x170bb.png"
      />
      <div
        className="padding-m"
      >
        <div
          className="title"
        >
          Dolly Parton's America
        </div>
        <div
          className="author"
        >
          Author: WNYC Studios & OSM Audio
        </div>
      </div>
    </div>
  </div>
  <div
    className="podcast-cell"
  >
    <div
      className="podcast-card"
      onClick={[Function]}
    >
      <img
        alt="13: A Taylor Swift Fan Podcast"
        src="https://is4-ssl.mzstatic.com/image/thumb/Podcasts114/v4/79/c8/d2/79c8d2b2-5d5a-365c-a067-8bcefc01d2db/mza_16543696634515633376.jpg/170x170bb.png"
      />
      <div
        className="padding-m"
      >
        <div
          className="title"
        >
          13: A Taylor Swift Fan Podcast
        </div>
        <div
          className="author"
        >
          Author: KiddNation
        </div>
      </div>
    </div>
  </div>
  <div
    className="podcast-cell"
  >
    <div
      className="podcast-card"
      onClick={[Function]}
    >
      <img
        alt="Broken Record with Rick Rubin, Malcolm Gladwell, Bruce Headlam and Justin Richmond"
        src="https://is3-ssl.mzstatic.com/image/thumb/Podcasts125/v4/c6/dc/56/c6dc5641-d0aa-81a1-e279-8f0b863a111a/mza_12705557798412405078.jpg/170x170bb.png"
      />
      <div
        className="padding-m"
      >
        <div
          className="title"
        >
          Broken Record with Rick Rubin, Malcolm Gladwell, Bruce Headlam and Justin Richmond
        </div>
        <div
          className="author"
        >
          Author: Pushkin Industries
        </div>
      </div>
    </div>
  </div>
  <div
    className="podcast-cell"
  >
    <div
      className="podcast-card"
      onClick={[Function]}
    >
      <img
        alt="Granger Smith Podcast"
        src="https://is5-ssl.mzstatic.com/image/thumb/Podcasts115/v4/8c/38/99/8c38991f-b4a3-b158-5174-5ad1e30f10bc/mza_3994723610923231475.jpg/170x170bb.png"
      />
      <div
        className="padding-m"
      >
        <div
          className="title"
        >
          Granger Smith Podcast
        </div>
        <div
          className="author"
        >
          Author: Granger Smith
        </div>
      </div>
    </div>
  </div>
  <div
    className="podcast-cell"
  >
    <div
      className="podcast-card"
      onClick={[Function]}
    >
      <img
        alt="Ebro in the Morning Podcast"
        src="https://is3-ssl.mzstatic.com/image/thumb/Podcasts115/v4/72/71/de/7271de7b-72cd-0f22-5b8c-c80c89d86592/mza_11780595158880837135.jpg/170x170bb.png"
      />
      <div
        className="padding-m"
      >
        <div
          className="title"
        >
          Ebro in the Morning Podcast
        </div>
        <div
          className="author"
        >
          Author: HOT 97's Ebro in the Morning
        </div>
      </div>
    </div>
  </div>
  <div
    className="podcast-cell"
  >
    <div
      className="podcast-card"
      onClick={[Function]}
    >
      <img
        alt="Popcast"
        src="https://is2-ssl.mzstatic.com/image/thumb/Podcasts115/v4/0d/00/3d/0d003d69-71dc-54ac-2e49-71344d581ebc/mza_17414366298101550888.jpeg/170x170bb.png"
      />
      <div
        className="padding-m"
      >
        <div
          className="title"
        >
          Popcast
        </div>
        <div
          className="author"
        >
          Author: The New York Times
        </div>
      </div>
    </div>
  </div>
  <div
    className="podcast-cell"
  >
    <div
      className="podcast-card"
      onClick={[Function]}
    >
      <img
        alt="All Songs Considered"
        src="https://is4-ssl.mzstatic.com/image/thumb/Podcasts115/v4/5b/6f/a0/5b6fa05c-f428-6089-d1cf-c4e387998da6/mza_1054093408559673279.jpg/170x170bb.png"
      />
      <div
        className="padding-m"
      >
        <div
          className="title"
        >
          All Songs Considered
        </div>
        <div
          className="author"
        >
          Author: NPR
        </div>
      </div>
    </div>
  </div>
  <div
    className="podcast-cell"
  >
    <div
      className="podcast-card"
      onClick={[Function]}
    >
      <img
        alt="Here's The Thing with Alec Baldwin"
        src="https://is2-ssl.mzstatic.com/image/thumb/Podcasts115/v4/39/9c/56/399c56e0-fe85-b644-69da-6b607f0a57b0/mza_9467310611833289885.jpg/170x170bb.png"
      />
      <div
        className="padding-m"
      >
        <div
          className="title"
        >
          Here's The Thing with Alec Baldwin
        </div>
        <div
          className="author"
        >
          Author: iHeartRadio
        </div>
      </div>
    </div>
  </div>
  <div
    className="podcast-cell"
  >
    <div
      className="podcast-card"
      onClick={[Function]}
    >
      <img
        alt="Questlove Supreme"
        src="https://is4-ssl.mzstatic.com/image/thumb/Podcasts115/v4/77/a8/75/77a87549-a213-34bb-03aa-1c1c24acc0fa/mza_1889117336646120149.jpeg/170x170bb.png"
      />
      <div
        className="padding-m"
      >
        <div
          className="title"
        >
          Questlove Supreme
        </div>
        <div
          className="author"
        >
          Author: iHeartRadio
        </div>
      </div>
    </div>
  </div>
  <div
    className="podcast-cell"
  >
    <div
      className="podcast-card"
      onClick={[Function]}
    >
      <img
        alt="A History of Rock Music in 500 Songs"
        src="https://is3-ssl.mzstatic.com/image/thumb/Podcasts124/v4/88/18/59/881859a5-f344-c249-f4b9-3d9b62add05a/mza_16428964146354887078.png/170x170bb.png"
      />
      <div
        className="padding-m"
      >
        <div
          className="title"
        >
          A History of Rock Music in 500 Songs
        </div>
        <div
          className="author"
        >
          Author: Andrew Hickey
        </div>
      </div>
    </div>
  </div>
  <div
    className="podcast-cell"
  >
    <div
      className="podcast-card"
      onClick={[Function]}
    >
      <img
        alt="Rolling Stone's 500 Greatest Albums"
        src="https://is5-ssl.mzstatic.com/image/thumb/Podcasts116/v4/21/40/59/214059c2-d8b8-5966-29db-82b5d76595d2/mza_8497948203008378304.jpeg/170x170bb.png"
      />
      <div
        className="padding-m"
      >
        <div
          className="title"
        >
          Rolling Stone's 500 Greatest Albums
        </div>
        <div
          className="author"
        >
          Author: Rolling Stone & Amazon Music
        </div>
      </div>
    </div>
  </div>
  <div
    className="podcast-cell"
  >
    <div
      className="podcast-card"
      onClick={[Function]}
    >
      <img
        alt="CLUBLIFE"
        src="https://is1-ssl.mzstatic.com/image/thumb/Podcasts125/v4/b6/40/6c/b6406c4c-c0c4-c137-7134-e401b9bf7785/mza_13270719876335733767.jpg/170x170bb.png"
      />
      <div
        className="padding-m"
      >
        <div
          className="title"
        >
          CLUBLIFE
        </div>
        <div
          className="author"
        >
          Author: Tiësto
        </div>
      </div>
    </div>
  </div>
  <div
    className="podcast-cell"
  >
    <div
      className="podcast-card"
      onClick={[Function]}
    >
      <img
        alt="Switched on Pop"
        src="https://is4-ssl.mzstatic.com/image/thumb/Podcasts125/v4/e9/49/d7/e949d731-adfe-940f-4dc2-57f1b7378aca/mza_12026317140794623674.jpeg/170x170bb.png"
      />
      <div
        className="padding-m"
      >
        <div
          className="title"
        >
          Switched on Pop
        </div>
        <div
          className="author"
        >
          Author: Vulture
        </div>
      </div>
    </div>
  </div>
  <div
    className="podcast-cell"
  >
    <div
      className="podcast-card"
      onClick={[Function]}
    >
      <img
        alt="Paul McCartney: Inside the Songs"
        src="https://is5-ssl.mzstatic.com/image/thumb/Podcasts115/v4/e4/51/0a/e4510a6d-79a3-91f3-53e5-5cc656358082/mza_7841123406692419754.jpg/170x170bb.png"
      />
      <div
        className="padding-m"
      >
        <div
          className="title"
        >
          Paul McCartney: Inside the Songs
        </div>
        <div
          className="author"
        >
          Author: BBC Radio 4
        </div>
      </div>
    </div>
  </div>
  <div
    className="podcast-cell"
  >
    <div
      className="podcast-card"
      onClick={[Function]}
    >
      <img
        alt="GOOD OL' GRATEFUL DEADCAST"
        src="https://is3-ssl.mzstatic.com/image/thumb/Podcasts114/v4/80/95/9b/80959bf1-9b4b-76dd-1137-0da1177925cd/mza_18157396607674000725.jpeg/170x170bb.png"
      />
      <div
        className="padding-m"
      >
        <div
          className="title"
        >
          GOOD OL' GRATEFUL DEADCAST
        </div>
        <div
          className="author"
        >
          Author: Grateful Dead
        </div>
      </div>
    </div>
  </div>
  <div
    className="podcast-cell"
  >
    <div
      className="podcast-card"
      onClick={[Function]}
    >
      <img
        alt="Aria Code"
        src="https://is3-ssl.mzstatic.com/image/thumb/Podcasts115/v4/29/e2/58/29e258ff-5e24-41fd-cef1-2b583e695237/mza_1634647755343433469.png/170x170bb.png"
      />
      <div
        className="padding-m"
      >
        <div
          className="title"
        >
          Aria Code
        </div>
        <div
          className="author"
        >
          Author: WQXR & The Metropolitan Opera
        </div>
      </div>
    </div>
  </div>
  <div
    className="podcast-cell"
  >
    <div
      className="podcast-card"
      onClick={[Function]}
    >
      <img
        alt="The Marty Smith Podcast on Outsider"
        src="https://is3-ssl.mzstatic.com/image/thumb/Podcasts125/v4/28/5c/7c/285c7cb0-c2fe-0cfc-4b08-24adb0d144f9/mza_8454087132990890061.jpg/170x170bb.png"
      />
      <div
        className="padding-m"
      >
        <div
          className="title"
        >
          The Marty Smith Podcast on Outsider
        </div>
        <div
          className="author"
        >
          Author: outsiderpodcast
        </div>
      </div>
    </div>
  </div>
  <div
    className="podcast-cell"
  >
    <div
      className="podcast-card"
      onClick={[Function]}
    >
      <img
        alt="Above & Beyond: Group Therapy"
        src="https://is5-ssl.mzstatic.com/image/thumb/Podcasts/v4/49/b8/3b/49b83bc2-8d26-829a-38ef-a9fe992f59dc/mza_3713017386252311615.jpg/170x170bb.png"
      />
      <div
        className="padding-m"
      >
        <div
          className="title"
        >
          Above & Beyond: Group Therapy
        </div>
        <div
          className="author"
        >
          Author: Above & Beyond
        </div>
      </div>
    </div>
  </div>
  <div
    className="podcast-cell"
  >
    <div
      className="podcast-card"
      onClick={[Function]}
    >
      <img
        alt="Tiny Desk Concerts - Audio"
        src="https://is3-ssl.mzstatic.com/image/thumb/Podcasts115/v4/92/a9/73/92a973dc-b434-4a5b-a56c-389fe05f42e0/mza_17501502530028159996.jpg/170x170bb.png"
      />
      <div
        className="padding-m"
      >
        <div
          className="title"
        >
          Tiny Desk Concerts - Audio
        </div>
        <div
          className="author"
        >
          Author: NPR
        </div>
      </div>
    </div>
  </div>
  <div
    className="podcast-cell"
  >
    <div
      className="podcast-card"
      onClick={[Function]}
    >
      <img
        alt="Sticky Notes: The Classical Music Podcast"
        src="https://is4-ssl.mzstatic.com/image/thumb/Podcasts125/v4/58/60/74/58607414-6263-9fa9-4fad-d5879c071643/mza_11208751241845350981.jpeg/170x170bb.png"
      />
      <div
        className="padding-m"
      >
        <div
          className="title"
        >
          Sticky Notes: The Classical Music Podcast
        </div>
        <div
          className="author"
        >
          Author: Joshua Weilerstein
        </div>
      </div>
    </div>
  </div>
  <div
    className="podcast-cell"
  >
    <div
      className="podcast-card"
      onClick={[Function]}
    >
      <img
        alt="Hit Parade | Music History and Music Trivia"
        src="https://is5-ssl.mzstatic.com/image/thumb/Podcasts115/v4/50/8e/4f/508e4f34-04c2-37fd-c9e3-9967a4c398c9/mza_5218161397958621057.jpg/170x170bb.png"
      />
      <div
        className="padding-m"
      >
        <div
          className="title"
        >
          Hit Parade | Music History and Music Trivia
        </div>
        <div
          className="author"
        >
          Author: Slate Podcasts
        </div>
      </div>
    </div>
  </div>
  <div
    className="podcast-cell"
  >
    <div
      className="podcast-card"
      onClick={[Function]}
    >
      <img
        alt="Bobbycast"
        src="https://is2-ssl.mzstatic.com/image/thumb/Podcasts115/v4/5a/a1/a0/5aa1a096-02b0-4daf-d529-2802028cb94b/mza_16992471610310923036.jpeg/170x170bb.png"
      />
      <div
        className="padding-m"
      >
        <div
          className="title"
        >
          Bobbycast
        </div>
        <div
          className="author"
        >
          Author: Nashville Podcast Network
        </div>
      </div>
    </div>
  </div>
  <div
    className="podcast-cell"
  >
    <div
      className="podcast-card"
      onClick={[Function]}
    >
      <img
        alt="The Anjunadeep Edition"
        src="https://is3-ssl.mzstatic.com/image/thumb/Podcasts125/v4/25/8a/58/258a5840-19c9-73f5-f41a-043cbf737b59/mza_6194777046920021736.png/170x170bb.png"
      />
      <div
        className="padding-m"
      >
        <div
          className="title"
        >
          The Anjunadeep Edition
        </div>
        <div
          className="author"
        >
          Author: Anjunadeep
        </div>
      </div>
    </div>
  </div>
  <div
    className="podcast-cell"
  >
    <div
      className="podcast-card"
      onClick={[Function]}
    >
      <img
        alt="Strong Songs"
        src="https://is4-ssl.mzstatic.com/image/thumb/Podcasts125/v4/49/fd/a0/49fda05c-e99d-c187-186c-4b0586ca74ee/mza_12353631562892339318.jpg/170x170bb.png"
      />
      <div
        className="padding-m"
      >
        <div
          className="title"
        >
          Strong Songs
        </div>
        <div
          className="author"
        >
          Author: Kirk Hamilton
        </div>
      </div>
    </div>
  </div>
  <div
    className="podcast-cell"
  >
    <div
      className="podcast-card"
      onClick={[Function]}
    >
      <img
        alt="Undermine"
        src="https://is1-ssl.mzstatic.com/image/thumb/Podcasts124/v4/f9/58/d1/f958d137-8d4b-707e-7d8b-b1d90536ffbf/mza_11617250155735424660.jpg/170x170bb.png"
      />
      <div
        className="padding-m"
      >
        <div
          className="title"
        >
          Undermine
        </div>
        <div
          className="author"
        >
          Author: Osiris Media
        </div>
      </div>
    </div>
  </div>
  <div
    className="podcast-cell"
  >
    <div
      className="podcast-card"
      onClick={[Function]}
    >
      <img
        alt="Album | آلبوم"
        src="https://is5-ssl.mzstatic.com/image/thumb/Podcasts125/v4/fe/fc/af/fefcaf1d-41a3-667e-abfb-2e16943f45c2/mza_9477457628486777617.jpg/170x170bb.png"
      />
      <div
        className="padding-m"
      >
        <div
          className="title"
        >
          Album | آلبوم
        </div>
        <div
          className="author"
        >
          Author: Bardia Barj
        </div>
      </div>
    </div>
  </div>
  <div
    className="podcast-cell"
  >
    <div
      className="podcast-card"
      onClick={[Function]}
    >
      <img
        alt="No Dogs in Space"
        src="https://is1-ssl.mzstatic.com/image/thumb/Podcasts125/v4/01/e7/16/01e7169d-4c78-acea-d91f-f10650ef024e/mza_14929731576386273062.jpeg/170x170bb.png"
      />
      <div
        className="padding-m"
      >
        <div
          className="title"
        >
          No Dogs in Space
        </div>
        <div
          className="author"
        >
          Author: The Last Podcast Network
        </div>
      </div>
    </div>
  </div>
  <div
    className="podcast-cell"
  >
    <div
      className="podcast-card"
      onClick={[Function]}
    >
      <img
        alt="Love & Respect with Killer Mike"
        src="https://is4-ssl.mzstatic.com/image/thumb/Podcasts126/v4/af/12/24/af12246b-70c2-ab14-878e-84122f05ccc8/mza_14241070766600477737.jpg/170x170bb.png"
      />
      <div
        className="padding-m"
      >
        <div
          className="title"
        >
          Love & Respect with Killer Mike
        </div>
        <div
          className="author"
        >
          Author: REVOLT
        </div>
      </div>
    </div>
  </div>
  <div
    className="podcast-cell"
  >
    <div
      className="podcast-card"
      onClick={[Function]}
    >
      <img
        alt="Biscuits & Jam"
        src="https://is5-ssl.mzstatic.com/image/thumb/Podcasts125/v4/38/c1/ae/38c1ae8c-dc61-8d5d-cf5d-66b673dde2ea/mza_7452889666035433726.jpg/170x170bb.png"
      />
      <div
        className="padding-m"
      >
        <div
          className="title"
        >
          Biscuits & Jam
        </div>
        <div
          className="author"
        >
          Author: Southern Living
        </div>
      </div>
    </div>
  </div>
  <div
    className="podcast-cell"
  >
    <div
      className="podcast-card"
      onClick={[Function]}
    >
      <img
        alt="Daebak Show w/ Eric Nam"
        src="https://is5-ssl.mzstatic.com/image/thumb/Podcasts125/v4/97/be/a4/97bea496-3804-d46d-c1da-c302c109126c/mza_585754329235308892.jpg/170x170bb.png"
      />
      <div
        className="padding-m"
      >
        <div
          className="title"
        >
          Daebak Show w/ Eric Nam
        </div>
        <div
          className="author"
        >
          Author: DIVE Studios & Studio71
        </div>
      </div>
    </div>
  </div>
  <div
    className="podcast-cell"
  >
    <div
      className="podcast-card"
      onClick={[Function]}
    >
      <img
        alt="Turned Out A Punk"
        src="https://is3-ssl.mzstatic.com/image/thumb/Podcasts115/v4/67/ff/2f/67ff2fe6-2bb6-f6d2-5054-16e0a0229ef1/mza_17715401538693351576.jpg/170x170bb.png"
      />
      <div
        className="padding-m"
      >
        <div
          className="title"
        >
          Turned Out A Punk
        </div>
        <div
          className="author"
        >
          Author: Turned Out A Punk
        </div>
      </div>
    </div>
  </div>
  <div
    className="podcast-cell"
  >
    <div
      className="podcast-card"
      onClick={[Function]}
    >
      <img
        alt="Nora En Pure - Purified Radio"
        src="https://is1-ssl.mzstatic.com/image/thumb/Podcasts123/v4/b8/c1/ef/b8c1effc-5b18-d66c-3cb1-1006d2c61111/mza_4034407569205460193.jpg/170x170bb.png"
      />
      <div
        className="padding-m"
      >
        <div
          className="title"
        >
          Nora En Pure - Purified Radio
        </div>
        <div
          className="author"
        >
          Author: This Is Distorted
        </div>
      </div>
    </div>
  </div>
  <div
    className="podcast-cell"
  >
    <div
      className="podcast-card"
      onClick={[Function]}
    >
      <img
        alt="Sound Opinions"
        src="https://is3-ssl.mzstatic.com/image/thumb/Podcasts125/v4/eb/2d/e3/eb2de3f5-9edf-4d8a-aeb5-9006d5b99bb3/mza_16401785564893173670.jpg/170x170bb.png"
      />
      <div
        className="padding-m"
      >
        <div
          className="title"
        >
          Sound Opinions
        </div>
        <div
          className="author"
        >
          Author: Sound Opinions
        </div>
      </div>
    </div>
  </div>
  <div
    className="podcast-cell"
  >
    <div
      className="podcast-card"
      onClick={[Function]}
    >
      <img
        alt="MusicalSplaining"
        src="https://is4-ssl.mzstatic.com/image/thumb/Podcasts124/v4/3e/a3/00/3ea30077-091f-d9e5-734c-522bc1982799/mza_3578510562919125228.jpeg/170x170bb.png"
      />
      <div
        className="padding-m"
      >
        <div
          className="title"
        >
          MusicalSplaining
        </div>
        <div
          className="author"
        >
          Author: MusicalSplaining
        </div>
      </div>
    </div>
  </div>
  <div
    className="podcast-cell"
  >
    <div
      className="podcast-card"
      onClick={[Function]}
    >
      <img
        alt="The Eddie Trunk Podcast"
        src="https://is2-ssl.mzstatic.com/image/thumb/Podcasts115/v4/04/24/3d/04243df2-1733-8451-fb33-e44eb3c7f6b4/mza_15545195643785501860.jpg/170x170bb.png"
      />
      <div
        className="padding-m"
      >
        <div
          className="title"
        >
          The Eddie Trunk Podcast
        </div>
        <div
          className="author"
        >
          Author: SiriusXM
        </div>
      </div>
    </div>
  </div>
  <div
    className="podcast-cell"
  >
    <div
      className="podcast-card"
      onClick={[Function]}
    >
      <img
        alt="GET REAL w/ Ashley, Peniel, and pH-1"
        src="https://is2-ssl.mzstatic.com/image/thumb/Podcasts126/v4/cc/7a/4a/cc7a4a81-c641-93ae-dbe5-58374e30a2b5/mza_9636254207438122023.jpg/170x170bb.png"
      />
      <div
        className="padding-m"
      >
        <div
          className="title"
        >
          GET REAL w/ Ashley, Peniel, and pH-1
        </div>
        <div
          className="author"
        >
          Author: DIVE Studios & Studio71
        </div>
      </div>
    </div>
  </div>
  <div
    className="podcast-cell"
  >
    <div
      className="podcast-card"
      onClick={[Function]}
    >
      <img
        alt="Ongoing History of New Music"
        src="https://is4-ssl.mzstatic.com/image/thumb/Podcasts113/v4/ac/41/8c/ac418cda-70b6-2c05-4552-1becb6ebae32/mza_3312907484600814207.jpg/170x170bb.png"
      />
      <div
        className="padding-m"
      >
        <div
          className="title"
        >
          Ongoing History of New Music
        </div>
        <div
          className="author"
        >
          Author: Curiouscast
        </div>
      </div>
    </div>
  </div>
  <div
    className="podcast-cell"
  >
    <div
      className="podcast-card"
      onClick={[Function]}
    >
      <img
        alt="Oliver Heldens presents Heldeep Radio"
        src="https://is4-ssl.mzstatic.com/image/thumb/Podcasts124/v4/72/22/6f/72226f61-b883-2e6b-cfd6-37fb3dbff0ef/mza_492611831891214805.jpg/170x170bb.png"
      />
      <div
        className="padding-m"
      >
        <div
          className="title"
        >
          Oliver Heldens presents Heldeep Radio
        </div>
        <div
          className="author"
        >
          Author: Oliver Heldens
        </div>
      </div>
    </div>
  </div>
  <div
    className="podcast-cell"
  >
    <div
      className="podcast-card"
      onClick={[Function]}
    >
      <img
        alt="Behind the Song"
        src="https://is4-ssl.mzstatic.com/image/thumb/Podcasts125/v4/33/71/3e/33713e58-1c1d-bc26-3489-e99afad4081b/mza_9893785768201206891.jpg/170x170bb.png"
      />
      <div
        className="padding-m"
      >
        <div
          className="title"
        >
          Behind the Song
        </div>
        <div
          className="author"
        >
          Author: The Drive | Hubbard Radio
        </div>
      </div>
    </div>
  </div>
  <div
    className="podcast-cell"
  >
    <div
      className="podcast-card"
      onClick={[Function]}
    >
      <img
        alt="Two Friends Mixes"
        src="https://is1-ssl.mzstatic.com/image/thumb/Podcasts71/v4/19/bd/f4/19bdf406-cfae-0e30-d740-fcb0b8bd1aa0/mza_7465348723926381218.png/170x170bb.png"
      />
      <div
        className="padding-m"
      >
        <div
          className="title"
        >
          Two Friends Mixes
        </div>
        <div
          className="author"
        >
          Author: info@twofriendsmusic.com
        </div>
      </div>
    </div>
  </div>
  <div
    className="podcast-cell"
  >
    <div
      className="podcast-card"
      onClick={[Function]}
    >
      <img
        alt="Song of the Day"
        src="https://is4-ssl.mzstatic.com/image/thumb/Podcasts113/v4/05/52/23/05522392-2b0e-227d-d8f6-a17f969b6370/mza_2282485350288370656.jpg/170x170bb.png"
      />
      <div
        className="padding-m"
      >
        <div
          className="title"
        >
          Song of the Day
        </div>
        <div
          className="author"
        >
          Author: KEXP
        </div>
      </div>
    </div>
  </div>
  <div
    className="podcast-cell"
  >
    <div
      className="podcast-card"
      onClick={[Function]}
    >
      <img
        alt="Breaking Waves: Seattle"
        src="https://is2-ssl.mzstatic.com/image/thumb/Podcasts115/v4/d3/bc/0c/d3bc0c18-032a-453c-baa4-37a697a7c2ed/mza_15507002743682267848.jpeg/170x170bb.png"
      />
      <div
        className="padding-m"
      >
        <div
          className="title"
        >
          Breaking Waves: Seattle
        </div>
        <div
          className="author"
        >
          Author: Audacy
        </div>
      </div>
    </div>
  </div>
  <div
    className="podcast-cell"
  >
    <div
      className="podcast-card"
      onClick={[Function]}
    >
      <img
        alt="Shapel's World"
        src="https://is3-ssl.mzstatic.com/image/thumb/Podcasts126/v4/2e/da/82/2eda82ea-ca4f-23f8-f87c-801bfb60bd20/mza_7354037409217882633.jpeg/170x170bb.png"
      />
      <div
        className="padding-m"
      >
        <div
          className="title"
        >
          Shapel's World
        </div>
        <div
          className="author"
        >
          Author: Shapel Lacey
        </div>
      </div>
    </div>
  </div>
  <div
    className="podcast-cell"
  >
    <div
      className="podcast-card"
      onClick={[Function]}
    >
      <img
        alt="The Rise Guys"
        src="https://is2-ssl.mzstatic.com/image/thumb/Podcasts125/v4/f1/59/fa/f159fa45-e7f5-bfb6-31a8-5d6d7512c609/mza_14920477467648613325.jpg/170x170bb.png"
      />
      <div
        className="padding-m"
      >
        <div
          className="title"
        >
          The Rise Guys
        </div>
        <div
          className="author"
        >
          Author: Audacy
        </div>
      </div>
    </div>
  </div>
  <div
    className="podcast-cell"
  >
    <div
      className="podcast-card"
      onClick={[Function]}
    >
      <img
        alt="Charli XCX's Best Song Ever"
        src="https://is3-ssl.mzstatic.com/image/thumb/Podcasts115/v4/8f/a7/c5/8fa7c5e1-f4d5-56be-a246-ec0d4e4f24c1/mza_5605971103247868981.jpg/170x170bb.png"
      />
      <div
        className="padding-m"
      >
        <div
          className="title"
        >
          Charli XCX's Best Song Ever
        </div>
        <div
          className="author"
        >
          Author: BBC Radio 1
        </div>
      </div>
    </div>
  </div>
  <div
    className="podcast-cell"
  >
    <div
      className="podcast-card"
      onClick={[Function]}
    >
      <img
        alt="Country Heat Weekly"
        src="https://is4-ssl.mzstatic.com/image/thumb/Podcasts126/v4/84/80/95/848095fb-41f3-5ccd-e48f-c649e32cb7e4/mza_14405086264521279738.jpeg/170x170bb.png"
      />
      <div
        className="padding-m"
      >
        <div
          className="title"
        >
          Country Heat Weekly
        </div>
        <div
          className="author"
        >
          Author: Amazon Music
        </div>
      </div>
    </div>
  </div>
  <div
    className="podcast-cell"
  >
    <div
      className="podcast-card"
      onClick={[Function]}
    >
      <img
        alt="The Recovering Catholic with Katie Pruitt"
        src="https://is4-ssl.mzstatic.com/image/thumb/Podcasts125/v4/9d/3d/75/9d3d7557-6597-f1ba-e5b6-a83fa4291ed6/mza_3704263638153275992.jpg/170x170bb.png"
      />
      <div
        className="padding-m"
      >
        <div
          className="title"
        >
          The Recovering Catholic with Katie Pruitt
        </div>
        <div
          className="author"
        >
          Author: ...
        </div>
      </div>
    </div>
  </div>
  <div
    className="podcast-cell"
  >
    <div
      className="podcast-card"
      onClick={[Function]}
    >
      <img
        alt="Lightning Bugs: Conversations with Ben Folds"
        src="https://is5-ssl.mzstatic.com/image/thumb/Podcasts114/v4/d0/6b/a6/d06ba631-8ee8-12c9-cf1e-8591186ce133/mza_3248277818866484926.jpg/170x170bb.png"
      />
      <div
        className="padding-m"
      >
        <div
          className="title"
        >
          Lightning Bugs: Conversations with Ben Folds
        </div>
        <div
          className="author"
        >
          Author: Kast Media | Ben Folds
        </div>
      </div>
    </div>
  </div>
  <div
    className="podcast-cell"
  >
    <div
      className="podcast-card"
      onClick={[Function]}
    >
      <img
        alt="Defected Radio"
        src="https://is4-ssl.mzstatic.com/image/thumb/Podcasts115/v4/e5/77/bb/e577bb26-2fdc-1f88-75fa-07b27c182175/mza_18400960005851661343.jpg/170x170bb.png"
      />
      <div
        className="padding-m"
      >
        <div
          className="title"
        >
          Defected Radio
        </div>
        <div
          className="author"
        >
          Author: Defected
        </div>
      </div>
    </div>
  </div>
  <div
    className="podcast-cell"
  >
    <div
      className="podcast-card"
      onClick={[Function]}
    >
      <img
        alt="The Liturgy of the Hours: Sing the Hours"
        src="https://is4-ssl.mzstatic.com/image/thumb/Podcasts115/v4/75/cb/8b/75cb8be5-4446-531a-801d-fdde5be695cd/mza_7970404805615242094.png/170x170bb.png"
      />
      <div
        className="padding-m"
      >
        <div
          className="title"
        >
          The Liturgy of the Hours: Sing the Hours
        </div>
        <div
          className="author"
        >
          Author: Paul Rose
        </div>
      </div>
    </div>
  </div>
  <div
    className="podcast-cell"
  >
    <div
      className="podcast-card"
      onClick={[Function]}
    >
      <img
        alt="The Morning Mess"
        src="https://is1-ssl.mzstatic.com/image/thumb/Podcasts115/v4/01/ff/4c/01ff4ca9-9b72-5a30-d23e-0f0e9bfda509/mza_3267623372659575177.jpg/170x170bb.png"
      />
      <div
        className="padding-m"
      >
        <div
          className="title"
        >
          The Morning Mess
        </div>
        <div
          className="author"
        >
          Author: Audacy
        </div>
      </div>
    </div>
  </div>
  <div
    className="podcast-cell"
  >
    <div
      className="podcast-card"
      onClick={[Function]}
    >
      <img
        alt="Markus Schulz presents Global DJ Broadcast"
        src="https://is4-ssl.mzstatic.com/image/thumb/Podcasts/v4/6e/6c/a4/6e6ca4c5-192a-a545-4f90-2f104c93504e/mza_1446880203226712372.jpg/170x170bb.png"
      />
      <div
        className="padding-m"
      >
        <div
          className="title"
        >
          Markus Schulz presents Global DJ Broadcast
        </div>
        <div
          className="author"
        >
          Author: Markus Schulz
        </div>
      </div>
    </div>
  </div>
  <div
    className="podcast-cell"
  >
    <div
      className="podcast-card"
      onClick={[Function]}
    >
      <img
        alt="The Sleeping At Last Podcast"
        src="https://is4-ssl.mzstatic.com/image/thumb/Podcasts115/v4/5a/12/6b/5a126b83-b546-1d86-11ac-0ee6cf100f67/mza_13461028907487022950.jpg/170x170bb.png"
      />
      <div
        className="padding-m"
      >
        <div
          className="title"
        >
          The Sleeping At Last Podcast
        </div>
        <div
          className="author"
        >
          Author: Sleeping At Last
        </div>
      </div>
    </div>
  </div>
  <div
    className="podcast-cell"
  >
    <div
      className="podcast-card"
      onClick={[Function]}
    >
      <img
        alt="W&W Rave Culture Radio"
        src="https://is2-ssl.mzstatic.com/image/thumb/Podcasts123/v4/61/fd/b4/61fdb4ce-ae50-708e-5b23-8dcb2d3d7e8c/mza_9568799673667814833.jpg/170x170bb.png"
      />
      <div
        className="padding-m"
      >
        <div
          className="title"
        >
          W&W Rave Culture Radio
        </div>
        <div
          className="author"
        >
          Author: W&W
        </div>
      </div>
    </div>
  </div>
  <div
    className="podcast-cell"
  >
    <div
      className="podcast-card"
      onClick={[Function]}
    >
      <img
        alt="Tay To Z: A Taylor Swift Podcast"
        src="https://is1-ssl.mzstatic.com/image/thumb/Podcasts124/v4/3a/59/de/3a59deaf-b6f6-32be-b2ed-523682755293/mza_3765938906611666386.jpg/170x170bb.png"
      />
      <div
        className="padding-m"
      >
        <div
          className="title"
        >
          Tay To Z: A Taylor Swift Podcast
        </div>
        <div
          className="author"
        >
          Author: Devin and Gab
        </div>
      </div>
    </div>
  </div>
  <div
    className="podcast-cell"
  >
    <div
      className="podcast-card"
      onClick={[Function]}
    >
      <img
        alt="Guitar Music Theory"
        src="https://is5-ssl.mzstatic.com/image/thumb/Podcasts115/v4/1c/fd/6e/1cfd6e62-f4c3-ac40-d217-4612cd29df1c/mza_8150541178843392999.png/170x170bb.png"
      />
      <div
        className="padding-m"
      >
        <div
          className="title"
        >
          Guitar Music Theory
        </div>
        <div
          className="author"
        >
          Author: Desi Serna
        </div>
      </div>
    </div>
  </div>
  <div
    className="podcast-cell"
  >
    <div
      className="podcast-card"
      onClick={[Function]}
    >
      <img
        alt="Cosmic Gate: WYM Radio"
        src="https://is4-ssl.mzstatic.com/image/thumb/Podcasts115/v4/46/2b/a5/462ba55a-e894-1757-9ec2-911c1668e41a/mza_14693079646080161172.jpg/170x170bb.png"
      />
      <div
        className="padding-m"
      >
        <div
          className="title"
        >
          Cosmic Gate: WYM Radio
        </div>
        <div
          className="author"
        >
          Author: Cosmic Gate
        </div>
      </div>
    </div>
  </div>
  <div
    className="podcast-cell"
  >
    <div
      className="podcast-card"
      onClick={[Function]}
    >
      <img
        alt="Don Diablo Presents Hexagon Radio"
        src="https://is1-ssl.mzstatic.com/image/thumb/Podcasts124/v4/40/4e/12/404e1262-c5ca-2ade-2fd6-6de6e2f0203d/mza_11219935948514280035.jpg/170x170bb.png"
      />
      <div
        className="padding-m"
      >
        <div
          className="title"
        >
          Don Diablo Presents Hexagon Radio
        </div>
        <div
          className="author"
        >
          Author: Don Diablo
        </div>
      </div>
    </div>
  </div>
  <div
    className="podcast-cell"
  >
    <div
      className="podcast-card"
      onClick={[Function]}
    >
      <img
        alt="Akademiks Twitch Clips"
        src="https://is2-ssl.mzstatic.com/image/thumb/Podcasts115/v4/2f/d3/8a/2fd38adb-29d1-dee9-3d1b-731bbcf5bcd9/mza_14171389274193615632.jpg/170x170bb.png"
      />
      <div
        className="padding-m"
      >
        <div
          className="title"
        >
          Akademiks Twitch Clips
        </div>
        <div
          className="author"
        >
          Author: Akademiks Twitch Clips
        </div>
      </div>
    </div>
  </div>
  <div
    className="podcast-cell"
  >
    <div
      className="podcast-card"
      onClick={[Function]}
    >
      <img
        alt="NPR's Mountain Stage"
        src="https://is4-ssl.mzstatic.com/image/thumb/Podcasts125/v4/87/f0/65/87f0657a-bb78-8f17-e6ee-775dc2134b8b/mza_183597343212291315.png/170x170bb.png"
      />
      <div
        className="padding-m"
      >
        <div
          className="title"
        >
          NPR's Mountain Stage
        </div>
        <div
          className="author"
        >
          Author: West Virginia Public Broadcasting
        </div>
      </div>
    </div>
  </div>
  <div
    className="podcast-cell"
  >
    <div
      className="podcast-card"
      onClick={[Function]}
    >
      <img
        alt="Curious Creatures"
        src="https://is2-ssl.mzstatic.com/image/thumb/Podcasts115/v4/6c/a3/3c/6ca33c4f-d91d-bcdf-8644-8b53f6f69b2c/mza_838585799862959751.jpg/170x170bb.png"
      />
      <div
        className="padding-m"
      >
        <div
          className="title"
        >
          Curious Creatures
        </div>
        <div
          className="author"
        >
          Author: Lol Tolhurst & Budgie
        </div>
      </div>
    </div>
  </div>
  <div
    className="podcast-cell"
  >
    <div
      className="podcast-card"
      onClick={[Function]}
    >
      <img
        alt="Nothing Is Real - A Beatles Podcast"
        src="https://is2-ssl.mzstatic.com/image/thumb/Podcasts126/v4/0f/6e/2a/0f6e2ac5-ca11-7eae-0214-8fc184f3ecb6/mza_6724419993007030444.png/170x170bb.png"
      />
      <div
        className="padding-m"
      >
        <div
          className="title"
        >
          Nothing Is Real - A Beatles Podcast
        </div>
        <div
          className="author"
        >
          Author: Beatles Pod
        </div>
      </div>
    </div>
  </div>
  <div
    className="podcast-cell"
  >
    <div
      className="podcast-card"
      onClick={[Function]}
    >
      <img
        alt="Wong Notes"
        src="https://is2-ssl.mzstatic.com/image/thumb/Podcasts114/v4/d5/fa/79/d5fa79d6-d7e1-e454-43b8-e651432d0397/mza_12366899039235468319.jpg/170x170bb.png"
      />
      <div
        className="padding-m"
      >
        <div
          className="title"
        >
          Wong Notes
        </div>
        <div
          className="author"
        >
          Author: Premier Guitar
        </div>
      </div>
    </div>
  </div>
  <div
    className="podcast-cell"
  >
    <div
      className="podcast-card"
      onClick={[Function]}
    >
      <img
        alt="Something About the Beatles"
        src="https://is4-ssl.mzstatic.com/image/thumb/Podcasts115/v4/8a/51/21/8a5121ea-6b45-9964-240b-65aa05de078b/mza_13082723830658124341.jpg/170x170bb.png"
      />
      <div
        className="padding-m"
      >
        <div
          className="title"
        >
          Something About the Beatles
        </div>
        <div
          className="author"
        >
          Author: Parading Press
        </div>
      </div>
    </div>
  </div>
  <div
    className="podcast-cell"
  >
    <div
      className="podcast-card"
      onClick={[Function]}
    >
      <img
        alt="The Morning X"
        src="https://is3-ssl.mzstatic.com/image/thumb/Podcasts115/v4/f5/a2/53/f5a253e5-f9ef-4f7b-1360-1d174f4082c3/mza_11936788271999906418.jpg/170x170bb.png"
      />
      <div
        className="padding-m"
      >
        <div
          className="title"
        >
          The Morning X
        </div>
        <div
          className="author"
        >
          Author: Jason Dick
        </div>
      </div>
    </div>
  </div>
  <div
    className="podcast-cell"
  >
    <div
      className="podcast-card"
      onClick={[Function]}
    >
      <img
        alt="Punch Up The Jam"
        src="https://is1-ssl.mzstatic.com/image/thumb/Podcasts125/v4/2e/8c/e4/2e8ce428-1ed2-2965-f5d5-5f89b5408c01/mza_18264793783168459304.jpg/170x170bb.png"
      />
      <div
        className="padding-m"
      >
        <div
          className="title"
        >
          Punch Up The Jam
        </div>
        <div
          className="author"
        >
          Author: Headgum
        </div>
      </div>
    </div>
  </div>
  <div
    className="podcast-cell"
  >
    <div
      className="podcast-card"
      onClick={[Function]}
    >
      <img
        alt="REVOLVER Fan First"
        src="https://is4-ssl.mzstatic.com/image/thumb/Podcasts115/v4/05/05/37/050537ca-dfe5-e9f7-b3e3-2505aae88e30/mza_12308598611666905623.png/170x170bb.png"
      />
      <div
        className="padding-m"
      >
        <div
          className="title"
        >
          REVOLVER Fan First
        </div>
        <div
          className="author"
        >
          Author: Revolver
        </div>
      </div>
    </div>
  </div>
  <div
    className="podcast-cell"
  >
    <div
      className="podcast-card"
      onClick={[Function]}
    >
      <img
        alt="Zach Sang: Just The Interviews Podcast"
        src="https://is2-ssl.mzstatic.com/image/thumb/Podcasts115/v4/2d/64/22/2d64227a-bc08-feaf-06c5-2c99f07d21d7/mza_506909270446078800.jpeg/170x170bb.png"
      />
      <div
        className="padding-m"
      >
        <div
          className="title"
        >
          Zach Sang: Just The Interviews Podcast
        </div>
        <div
          className="author"
        >
          Author: Cumulus Podcast Network
        </div>
      </div>
    </div>
  </div>
  <div
    className="podcast-cell"
  >
    <div
      className="podcast-card"
      onClick={[Function]}
    >
      <img
        alt="Afrojack - JACKED Radio (Official Podcast)"
        src="https://is4-ssl.mzstatic.com/image/thumb/Podcasts115/v4/86/2b/8e/862b8e5d-6d22-ecf1-2490-32e0eae5d748/mza_12600124685869263382.jpg/170x170bb.png"
      />
      <div
        className="padding-m"
      >
        <div
          className="title"
        >
          Afrojack - JACKED Radio (Official Podcast)
        </div>
        <div
          className="author"
        >
          Author: Afrojack
        </div>
      </div>
    </div>
  </div>
  <div
    className="podcast-cell"
  >
    <div
      className="podcast-card"
      onClick={[Function]}
    >
      <img
        alt="Chasing Tone - Guitar Podcast About Gear, Effects, Amps and Tone"
        src="https://is5-ssl.mzstatic.com/image/thumb/Podcasts125/v4/21/c4/ba/21c4ba49-e2db-13a2-ad51-cf7ff1641161/mza_12087701927330343854.jpg/170x170bb.png"
      />
      <div
        className="padding-m"
      >
        <div
          className="title"
        >
          Chasing Tone - Guitar Podcast About Gear, Effects, Amps and Tone
        </div>
        <div
          className="author"
        >
          Author: Wampler Pedals
        </div>
      </div>
    </div>
  </div>
  <div
    className="podcast-cell"
  >
    <div
      className="podcast-card"
      onClick={[Function]}
    >
      <img
        alt="Adam Beyer presents Drumcode"
        src="https://is2-ssl.mzstatic.com/image/thumb/Podcasts6/v4/e0/2b/ed/e02bedd8-ea64-5443-1737-bde8119ef3e9/mza_7687540957139461621.jpg/170x170bb.png"
      />
      <div
        className="padding-m"
      >
        <div
          className="title"
        >
          Adam Beyer presents Drumcode
        </div>
        <div
          className="author"
        >
          Author: Drumcode
        </div>
      </div>
    </div>
  </div>
  <div
    className="podcast-cell"
  >
    <div
      className="podcast-card"
      onClick={[Function]}
    >
      <img
        alt="Resonation Radio by Ferry Corsten"
        src="https://is5-ssl.mzstatic.com/image/thumb/Podcasts115/v4/05/7b/e8/057be853-de12-3fab-428d-dbbddcf3d34f/mza_11514350819354899657.jpg/170x170bb.png"
      />
      <div
        className="padding-m"
      >
        <div
          className="title"
        >
          Resonation Radio by Ferry Corsten
        </div>
        <div
          className="author"
        >
          Author: Ferry Corsten
        </div>
      </div>
    </div>
  </div>
  <div
    className="podcast-cell"
  >
    <div
      className="podcast-card"
      onClick={[Function]}
    >
      <img
        alt="Classics For Kids"
        src="https://is2-ssl.mzstatic.com/image/thumb/Podcasts123/v4/ca/50/cd/ca50cd97-fa68-7b94-411b-ac0a5427afb4/mza_12105870711412099169.jpg/170x170bb.png"
      />
      <div
        className="padding-m"
      >
        <div
          className="title"
        >
          Classics For Kids
        </div>
        <div
          className="author"
        >
          Author: Cincinnati Public Radio
        </div>
      </div>
    </div>
  </div>
  <div
    className="podcast-cell"
  >
    <div
      className="podcast-card"
      onClick={[Function]}
    >
      <img
        alt="Techno Music DJ Mix / Sets - Techno Live Sets"
        src="https://is5-ssl.mzstatic.com/image/thumb/Podcasts125/v4/6c/bd/e2/6cbde266-ae5b-ae31-07b4-6d6a56e72052/mza_1382237004949972701.jpg/170x170bb.png"
      />
      <div
        className="padding-m"
      >
        <div
          className="title"
        >
          Techno Music DJ Mix / Sets - Techno Live Sets
        </div>
        <div
          className="author"
        >
          Author: Techno Live Sets
        </div>
      </div>
    </div>
  </div>
  <div
    className="podcast-cell"
  >
    <div
      className="podcast-card"
      onClick={[Function]}
    >
      <img
        alt="Agushto Papa Podcast"
        src="https://is2-ssl.mzstatic.com/image/thumb/Podcasts114/v4/d0/56/95/d0569513-2e1e-0d90-c763-f04ad1461ef6/mza_17459842451511347923.jpg/170x170bb.png"
      />
      <div
        className="padding-m"
      >
        <div
          className="title"
        >
          Agushto Papa Podcast
        </div>
        <div
          className="author"
        >
          Author: By Diego & Jason
        </div>
      </div>
    </div>
  </div>
  <div
    className="podcast-cell"
  >
    <div
      className="podcast-card"
      onClick={[Function]}
    >
      <img
        alt="Political Beats"
        src="https://is5-ssl.mzstatic.com/image/thumb/Podcasts116/v4/e5/a6/f8/e5a6f85c-8379-de8c-28af-b638b391e75c/mza_7181808130164069572.jpg/170x170bb.png"
      />
      <div
        className="padding-m"
      >
        <div
          className="title"
        >
          Political Beats
        </div>
        <div
          className="author"
        >
          Author: National Review
        </div>
      </div>
    </div>
  </div>
  <div
    className="podcast-cell"
  >
    <div
      className="podcast-card"
      onClick={[Function]}
    >
      <img
        alt="Phoenix Radio"
        src="https://is1-ssl.mzstatic.com/image/thumb/Podcasts125/v4/44/70/55/447055e2-48d9-c83a-9b13-10f5b35b1ceb/mza_3919308450072645547.jpg/170x170bb.png"
      />
      <div
        className="padding-m"
      >
        <div
          className="title"
        >
          Phoenix Radio
        </div>
        <div
          className="author"
        >
          Author: ILLENIUM
        </div>
      </div>
    </div>
  </div>
  <div
    className="podcast-cell"
  >
    <div
      className="podcast-card"
      onClick={[Function]}
    >
      <img
        alt="Tiny Desk Concerts - Video"
        src="https://is5-ssl.mzstatic.com/image/thumb/Podcasts115/v4/87/6c/da/876cdaab-3efb-cdb1-eb25-d1284ef139d7/mza_16191191847967450117.jpg/170x170bb.png"
      />
      <div
        className="padding-m"
      >
        <div
          className="title"
        >
          Tiny Desk Concerts - Video
        </div>
        <div
          className="author"
        >
          Author: NPR
        </div>
      </div>
    </div>
  </div>
  <div
    className="podcast-cell"
  >
    <div
      className="podcast-card"
      onClick={[Function]}
    >
      <img
        alt="Rockonteurs with Gary Kemp and Guy Pratt"
        src="https://is4-ssl.mzstatic.com/image/thumb/Podcasts124/v4/e3/1f/1f/e31f1f35-187f-5c00-2285-2e63fdb22cc9/mza_9262405539489448532.jpeg/170x170bb.png"
      />
      <div
        className="padding-m"
      >
        <div
          className="title"
        >
          Rockonteurs with Gary Kemp and Guy Pratt
        </div>
        <div
          className="author"
        >
          Author: Gary Kemp and Guy Pratt
        </div>
      </div>
    </div>
  </div>
  <div
    className="podcast-cell"
  >
    <div
      className="podcast-card"
      onClick={[Function]}
    >
      <img
        alt="The Martin Garrix Show"
        src="https://is5-ssl.mzstatic.com/image/thumb/Podcasts126/v4/8f/95/04/8f9504bb-1650-17b7-65d6-423d7d600c86/mza_4272909025442545249.jpg/170x170bb.png"
      />
      <div
        className="padding-m"
      >
        <div
          className="title"
        >
          The Martin Garrix Show
        </div>
        <div
          className="author"
        >
          Author: Martin Garrix
        </div>
      </div>
    </div>
  </div>
  <div
    className="podcast-cell"
  >
    <div
      className="podcast-card"
      onClick={[Function]}
    >
      <img
        alt="Labeled: \\"The Stories, Rumors, & Legends of Tooth & Nail Records\\""
        src="https://is1-ssl.mzstatic.com/image/thumb/Podcasts123/v4/3c/98/e0/3c98e066-3eea-13ec-6db3-e225ac154311/mza_8464927740777400171.png/170x170bb.png"
      />
      <div
        className="padding-m"
      >
        <div
          className="title"
        >
          Labeled: "The Stories, Rumors, & Legends of Tooth & Nail Records"
        </div>
        <div
          className="author"
        >
          Author: Tooth and Nail Records
        </div>
      </div>
    </div>
  </div>
  <div
    className="podcast-cell"
  >
    <div
      className="podcast-card"
      onClick={[Function]}
    >
      <img
        alt="Tritonia"
        src="https://is5-ssl.mzstatic.com/image/thumb/Podcasts125/v4/ce/d4/77/ced4770f-9c9e-6470-9183-8494d5fef284/mza_10482757998531424394.jpeg/170x170bb.png"
      />
      <div
        className="padding-m"
      >
        <div
          className="title"
        >
          Tritonia
        </div>
        <div
          className="author"
        >
          Author: Tritonal
        </div>
      </div>
    </div>
  </div>
  <div
    className="podcast-cell"
  >
    <div
      className="podcast-card"
      onClick={[Function]}
    >
      <img
        alt="Long May They Run"
        src="https://is3-ssl.mzstatic.com/image/thumb/Podcasts115/v4/28/74/70/287470e1-2dfb-d7d4-2aa7-c8992b17ee65/mza_12672770931134654483.jpg/170x170bb.png"
      />
      <div
        className="padding-m"
      >
        <div
          className="title"
        >
          Long May They Run
        </div>
        <div
          className="author"
        >
          Author: C13Originals
        </div>
      </div>
    </div>
  </div>
  <div
    className="podcast-cell"
  >
    <div
      className="podcast-card"
      onClick={[Function]}
    >
      <img
        alt="Pure Trance Radio Podcast with Solarstone"
        src="https://is5-ssl.mzstatic.com/image/thumb/Podcasts125/v4/1f/f3/a7/1ff3a7d1-f67a-caf9-b452-9cbabd4df121/mza_18270796992898980434.jpg/170x170bb.png"
      />
      <div
        className="padding-m"
      >
        <div
          className="title"
        >
          Pure Trance Radio Podcast with Solarstone
        </div>
        <div
          className="author"
        >
          Author: Solarstone
        </div>
      </div>
    </div>
  </div>
  <div
    className="podcast-cell"
  >
    <div
      className="podcast-card"
      onClick={[Function]}
    >
      <img
        alt="Morgan Page - In The Air"
        src="https://is4-ssl.mzstatic.com/image/thumb/Podcasts115/v4/14/24/b4/1424b4ea-ae83-5b55-41fd-ab02adcb8bcb/mza_7901858969215222366.jpg/170x170bb.png"
      />
      <div
        className="padding-m"
      >
        <div
          className="title"
        >
          Morgan Page - In The Air
        </div>
        <div
          className="author"
        >
          Author: Morgan Page
        </div>
      </div>
    </div>
  </div>
  <div
    className="podcast-cell"
  >
    <div
      className="podcast-card"
      onClick={[Function]}
    >
      <img
        alt="Metronom - مترونوم"
        src="https://is5-ssl.mzstatic.com/image/thumb/Podcasts123/v4/07/3f/58/073f582b-a12f-a243-4ee8-5ec00ff2ed53/mza_7853610364284297265.jpg/170x170bb.png"
      />
      <div
        className="padding-m"
      >
        <div
          className="title"
        >
          Metronom - مترونوم
        </div>
        <div
          className="author"
        >
          Author: metronom
        </div>
      </div>
    </div>
  </div>
  <div
    className="podcast-cell"
  >
    <div
      className="podcast-card"
      onClick={[Function]}
    >
      <img
        alt="The Jump with Shirley Manson"
        src="https://is2-ssl.mzstatic.com/image/thumb/Podcasts125/v4/b4/a6/b3/b4a6b393-e2f8-69a4-691e-f5882cf8781f/mza_4594243939024347722.jpg/170x170bb.png"
      />
      <div
        className="padding-m"
      >
        <div
          className="title"
        >
          The Jump with Shirley Manson
        </div>
        <div
          className="author"
        >
          Author: Mailchimp
        </div>
      </div>
    </div>
  </div>
  <div
    className="podcast-cell"
  >
    <div
      className="podcast-card"
      onClick={[Function]}
    >
      <img
        alt="Toolroom Radio"
        src="https://is5-ssl.mzstatic.com/image/thumb/Podcasts125/v4/f2/4a/02/f24a0232-6083-aa5a-50e2-855bf29eca3c/mza_4953629818850587338.jpg/170x170bb.png"
      />
      <div
        className="padding-m"
      >
        <div
          className="title"
        >
          Toolroom Radio
        </div>
        <div
          className="author"
        >
          Author: Toolroom Records
        </div>
      </div>
    </div>
  </div>
  <div
    className="podcast-cell"
  >
    <div
      className="podcast-card"
      onClick={[Function]}
    >
      <img
        alt="Monstercat Call of the Wild"
        src="https://is5-ssl.mzstatic.com/image/thumb/Podcasts115/v4/50/fe/32/50fe3222-4d46-703f-333c-78c153e1de0b/mza_8094314720197211508.jpg/170x170bb.png"
      />
      <div
        className="padding-m"
      >
        <div
          className="title"
        >
          Monstercat Call of the Wild
        </div>
        <div
          className="author"
        >
          Author: Monstercat
        </div>
      </div>
    </div>
  </div>
  <div
    className="podcast-cell"
  >
    <div
      className="podcast-card"
      onClick={[Function]}
    >
      <img
        alt="Deadbeats Radio with Zeds Dead"
        src="https://is4-ssl.mzstatic.com/image/thumb/Podcasts123/v4/e3/e5/f5/e3e5f55c-7196-a9f6-2cd9-db4b920782f9/mza_4824536038048525281.jpg/170x170bb.png"
      />
      <div
        className="padding-m"
      >
        <div
          className="title"
        >
          Deadbeats Radio with Zeds Dead
        </div>
        <div
          className="author"
        >
          Author: Zeds Dead
        </div>
      </div>
    </div>
  </div>
  <div
    className="podcast-cell"
  >
    <div
      className="podcast-card"
      onClick={[Function]}
    >
      <img
        alt="Calm Pills - Soothing Space Ambient and Piano Music for Relaxing, Peaceful Sleep, Reading or Mindful Meditation"
        src="https://is3-ssl.mzstatic.com/image/thumb/Podcasts124/v4/61/a2/b9/61a2b926-7a87-88ac-f1d8-9c2af4bba0b1/mza_8881261233510821110.jpg/170x170bb.png"
      />
      <div
        className="padding-m"
      >
        <div
          className="title"
        >
          Calm Pills - Soothing Space Ambient and Piano Music for Relaxing, Peaceful Sleep, Reading or Mindful Meditation
        </div>
        <div
          className="author"
        >
          Author: Uplifting Pills
        </div>
      </div>
    </div>
  </div>
  <div
    className="podcast-cell"
  >
    <div
      className="podcast-card"
      onClick={[Function]}
    >
      <img
        alt="The Vinyl Guide"
        src="https://is3-ssl.mzstatic.com/image/thumb/Podcasts125/v4/55/ef/61/55ef61e9-5f94-17be-db30-080187cd72f5/mza_1365384137233270926.jpg/170x170bb.png"
      />
      <div
        className="padding-m"
      >
        <div
          className="title"
        >
          The Vinyl Guide
        </div>
        <div
          className="author"
        >
          Author: The Vinyl Guide
        </div>
      </div>
    </div>
  </div>
  <div
    className="podcast-cell"
  >
    <div
      className="podcast-card"
      onClick={[Function]}
    >
      <img
        alt="Tomorrowland Friendship Mix"
        src="https://is1-ssl.mzstatic.com/image/thumb/Podcasts123/v4/9d/df/90/9ddf90d2-8e7b-4a30-0621-0c773965d0c3/mza_16366717627121144841.jpg/170x170bb.png"
      />
      <div
        className="padding-m"
      >
        <div
          className="title"
        >
          Tomorrowland Friendship Mix
        </div>
        <div
          className="author"
        >
          Author: Tomorrowland - One World Radio
        </div>
      </div>
    </div>
  </div>
  <div
    className="podcast-cell"
  >
    <div
      className="podcast-card"
      onClick={[Function]}
    >
      <img
        alt="THIS IS REVOLUTION >podcast"
        src="https://is5-ssl.mzstatic.com/image/thumb/Podcasts115/v4/45/56/6b/45566b7f-acae-ffa2-5f1c-4929207d41c2/mza_99442564254751190.jpg/170x170bb.png"
      />
      <div
        className="padding-m"
      >
        <div
          className="title"
        >
          THIS IS REVOLUTION &gt;podcast
        </div>
        <div
          className="author"
        >
          Author: bitterlake
        </div>
      </div>
    </div>
  </div>
  <div
    className="podcast-cell"
  >
    <div
      className="podcast-card"
      onClick={[Function]}
    >
      <img
        alt="Deep Sunset House and Progressive Podcast - The Melodic Sessions by Prototype 202"
        src="https://is2-ssl.mzstatic.com/image/thumb/Podcasts114/v4/a6/d1/15/a6d11535-4770-d2c6-ed0f-9d6e662f0224/mza_9339997182564111974.jpg/170x170bb.png"
      />
      <div
        className="padding-m"
      >
        <div
          className="title"
        >
          Deep Sunset House and Progressive Podcast - The Melodic Sessions by Prototype 202
        </div>
        <div
          className="author"
        >
          Author: Prototype202
        </div>
      </div>
    </div>
  </div>
  <div
    className="podcast-cell"
  >
    <div
      className="podcast-card"
      onClick={[Function]}
    >
      <img
        alt="The Beatles Naked"
        src="https://is5-ssl.mzstatic.com/image/thumb/Podcasts115/v4/98/81/5f/98815fd1-23d8-7269-1a96-4213293a9461/mza_1507208861801792674.jpg/170x170bb.png"
      />
      <div
        className="padding-m"
      >
        <div
          className="title"
        >
          The Beatles Naked
        </div>
        <div
          className="author"
        >
          Author: Richard Buskin & Erik Taros
        </div>
      </div>
    </div>
  </div>
  <div
    className="podcast-cell"
  >
    <div
      className="podcast-card"
      onClick={[Function]}
    >
      <img
        alt="Eat, Pray, Britney"
        src="https://is4-ssl.mzstatic.com/image/thumb/Podcasts123/v4/da/2e/88/da2e88fc-707e-310c-54d3-96855f42c170/mza_6717313200768135668.png/170x170bb.png"
      />
      <div
        className="padding-m"
      >
        <div
          className="title"
        >
          Eat, Pray, Britney
        </div>
        <div
          className="author"
        >
          Author: Eat, Pray, Britney
        </div>
      </div>
    </div>
  </div>
</div>
`;
